[   000000000] Initializing cgroup subsys cpuset
[    0.000000] Initializing cgroup subsys cpu
[    0.000000] Initializing cgroup subsys cpuacct
[    0.000000] Linux version 4.4.0-139-generic (buildd@lcy01-amd64-006) (gcc version 5.4.0 20160609 (Ubuntu 5.4.0-6ubuntu1~16.04.10) ) #165-Ubuntu SMP Wed Oct 24 10:58:50 UTC 2018 (Ubuntu 4.4.0-139.165-generic 4.4.160)
[    0.000000] Command line: BOOT_IMAGE=/boot/vmlinuz-4.4.0-139-generic root=LABEL=cloudimg-rootfs ro console=tty1 console=ttyS0
[    0.000000] KERNEL supported cpus:
[    0.000000]   Intel GenuineIntel
[    0.000000]   AMD AuthenticAMD
[    0.000000]   Centaur CentaurHauls
[    0.000000] x86/fpu: xstate_offset[2]:  576, xstate_sizes[2]:  256
[    0.000000] x86/fpu: Supporting XSAVE feature 0x01: 'x87 floating point registers'
[    0.000000] x86/fpu: Supporting XSAVE feature 0x02: 'SSE registers'
[    0.000000] x86/fpu: Supporting XSAVE feature 0x04: 'AVX registers'
[    0.000000] x86/fpu: Enabled xstate features 0x7, context size is 832 bytes, using 'standard' format.
[    0.000000] e820: BIOS-provided physical RAM map:
[    0.000000] BIOS-e820: [mem 0x0000000000000000-0x000000000009fbff] usable
[    0.000000] BIOS-e820: [mem 0x000000000009fc00-0x000000000009ffff] reserved
[    0.000000] BIOS-e820: [mem 0x00000000000f0000-0x00000000000fffff] reserved
[    0.000000] BIOS-e820: [mem 0x0000000000100000-0x000000007ffeffff] usable
[    0.000000] BIOS-e820: [mem 0x000000007fff0000-0x000000007fffffff] ACPI data
[    0.000000] BIOS-e820: [mem 0x00000000fec00000-0x00000000fec00fff] reserved
[    0.000000] BIOS-e820: [mem 0x00000000fee00000-0x00000000fee00fff] reserved
[    0.000000] BIOS-e820: [mem 0x00000000fffc0000-0x00000000ffffffff] reserved
[    0.000000] NX (Execute Disable) protection: active
[    0.000000] SMBIOS 2.5 present.
[    0.000000] Hypervisor detected: KVM
[    0.000000] e820: last_pfn = 0x7fff0 max_arch_pfn = 0x400000000
[    0.000000] MTRR: Disabled
[    0.000000] x86/PAT: MTRRs disabled, skipping PAT initialization too.
[    0.000000] CPU MTRRs all blank - virtualized system.
[    0.000000] x86/PAT: Configuration [0-7]: WB  WT  UC- UC  WB  WT  UC- UC  
[    0.000000] found SMP MP-table at [mem 0x0009fff0-0x0009ffff] mapped at [ffff88000009fff0]
[    0.000000] Scanning 1 areas for low memory corruption
[    0.000000] RAMDISK: [mem 0x3630c000-0x3717dfff]
[    0.000000] ACPI: Early table checksum verification disabled
[    0.000000] ACPI: RSDP 0x00000000000E0000 000024 (v02 VBOX  )
[    0.000000] ACPI: XSDT 0x000000007FFF0030 00003C (v01 VBOX   VBOXXSDT 00000001 ASL  00000061)
[    0.000000] ACPI: FACP 0x000000007FFF00F0 0000F4 (v04 VBOX   VBOXFACP 00000001 ASL  00000061)
[    0.000000] ACPI: DSDT 0x000000007FFF0470 0021FF (v02 VBOX   VBOXBIOS 00000002 INTL 20160108)
[    0.000000] ACPI: FACS 0x000000007FFF0200 000040
[    0.000000] ACPI: FACS 0x000000007FFF0200 000040
[    0.000000] ACPI: APIC0x000000007FFF0240 000054 (v02 VBOX   VBOXAPIC 00000001 ASL  00000061)
[    00.000000] ACPI: SSDT 0x000000007FFF02A0 0001CC (v01 VBOX   VBOXCPUT 00000002 INTL 20160108)
[    0.000000] No NUMA configuration found
[    0.000000] Faking a node at [mem 0x0000000000000000-0x000000007ffeffff]
[    0.000000] NODE_DATA(0) allocated [mem 0x7ffeb000-0x7ffeffff]
[    0.000000] kvm-clock: Using msrs 4b564d01 and 4b564d00
[    0.000000] kvm-clock: cpu 0, msr 0:7ffe3001, primary cpu clock
[    0.000000] kvm-clock: using sched offset of 4196529987 cycles
[    0.000000] clocksource: kvm-clock: mask: 0xffffffffffffffff max_cycles: 0x1cd42e4dffb, max_idle_ns: 881590591483 ns
[    0.000000] Zone ranges:
[    0.000000]   DMA      [mem 0x0000000000001000-0x0000000000ffffff]
[    0.000000]   DMA32    [mem 0x0000000001000000-0x000000077ffeffff]
[    0.000000]   Normal   empty
[    0.000000]   Device   empty
[    0.000000] Movable zone start for each node
[    0.000000] Early memory node ranges
[    0.000000]   node   0: [mem 0x0000000000001000-0x000000000009efff]
[    0.000000]   node   0: [mem 0x0000000000100000-0x000000007ffeffff]
[    0.000000] Initmem setup node 0 [mem 0x0000000000001000-0x000000007ffeffff]
[    0.000000] ACPI: PM-Timer IO Port: 0x4008
[    0.000000] IOAPIC[0]: apic_id 1, version 32, address 0xfec00000, GSI 0-23
[    0.000000] ACPI: INT_SRC_OVR (bus 0 bus_irq 0 global_irq 2 dfl dfl)
[    0.000000] ACPI: INT_SRC_OVR (bus 0 bus_irq 9 global_irq 9 low level)
[    0.000000] Using ACPI (MADT) for SMP configuration information
[    0.000000] smpboot: Allowing 1 CPUs, 0 hotplug CPUs
[    0.000000] PM: Registered nosave memory: [mem 0x00000000-0x00000fff]
[    0.000000] PM: Registered nosave memory: [mem 0x0009f000-0x0009ffff]
[    0.000000] PM: Registered nosave memory: [mem 0x000a0000-0x000effff]
[    0.000000] PM: Registered nosave memory: [mem 0x000f0000-0x000fffff]
[    0.000000] e820: [mem 0x80000000-0xfebfffff] available for PCI devices
[    0.000000] Booting paravirtualized kernel on KVM
[    0.000000] clocksource: refined-jiffies: mask: 0xffffffff max_cycles: 0xffffffff, max_idle_ns: 7645519600211568 ns
[    0.000000] setup_percpu: NR_CPUS:512 nr_cpumask_bits:512 nr_cpu_ids:1 nr_node_ids:1
[    0.000000] PERCPU: Embedded 34 pages/cpu @ffff88007fc00000 s99608 r8192 d31464 u2097152
[    0.000000] PV qspinlock hash table entries: 256 (order: 0, 4096 bytes)
[    0.000000] Built 1 zonelists in Node order, mobility grouping on.  Total pages: 515960
[    0.000000] Policy zone: DMA32
[    0.000000] Kernel command line: BOOT_IMAGE=/boot/vmlinuz-4.4.0-139-generic root=LABEL=cloudimg-rootfs ro console=tty1 console=ttyS0
[    0.000000] PID hash table entries: 4096 (order: 3, 32768 bytes)
[    0.000000] Memory: 2030040K/2096696K available (8564K kernel code, 1314K rwdata, 4004K rodata, 1528K init, 1316K bss, 66656K reserved, 0K cma-reserved)
[    0.000000] SLUB: HWalign=64, Order=0-3, MinObjects=0, CPUs=1, Nodes=1
[    0.000000] Kernel/User page tables isolation: enabled
[    0.000000] Hierarchical RCU implementation.
[    0.000000] 	Build-time adjustment of leaf fanout to 64.
[    0.000000] 	RCU restricting CPUs from NR_CPUS=512 to nr_cpu_ids=1.
[    0.000000] RCU: Adjusting geometry for rcu_fanout_leaf=64, nr_cpu_ids=1
[    0.000000] NR_IRQS:33024 nr_irqs:256 16
[    0.000000] Console: colour VGA+ 80x25
[    0.000000] console [tty1] enabled
[    0.000000] console [ttyS0] enabled
[    0.000000] tsc: Detected 2904.000 MHz processor
[    0.283133] Calibrating delay loop (skipped) preset value.. 5808.00 BogoMIPS (lpj=11616000)
[    0.284503] pid_max: default: 32768 minimum: 301
[    0.285241] ACPI: Core revision 20150930
[    0.286719] ACPI: 2 ACPI AML tables successfully acquired and loaded
[    0.287780] Security Framework initialized
[    0.288455] Yama: becoming mindful.
[    0.289068] AppArmor: AppArmor initialized
[    0.290177] Dentry cache hash table entries: 262144 (order: 9, 2097152 bytes)
[    0.291481] Inode-cache hash table entries: 131072 (order: 8, 1048576 bytes)
[    0.292959] Mount-cache hash table entries: 4096 (order: 3, 32768 bytes)
[    0.293964] Mountpoint-cache hash table entries: 4096 (order: 3, 32768 bytes)
[    0.295134] Initializing cgroup subsys io
[    0.295811] Initializing cgroup subsys memory
[    0.296520] Initializing cgroup subsys devices
[    0.297234] Initializing cgroup subsys freezer
[    0.297953] Initializing cgroup subsys net_cls
[    0.298666] Initializing cgroup subsys perf_event
[    0.299429] Initializing cgroup subsys net_prio
[    0.300155] Initializing cgroup subsys hugetlb
[    0.300868] Initializing cgroup subsys pids
[    0.303188] mce: CPU supports 0 MCE banks
[    0.303870] process: using mwait in idle threads
[    0.304605] Last level iTLB entries: 4KB 64, 2MB 8, 4MB 8
[    0.305428] Last level dTLB entries: 4KB 64, 2MB 0, 4MB 0, 1GB 4
[    0.306346] Spectre V2 : Mitigation: Full generic retpoline
[    0.307188] Spectre V2 : Spectre v2 mitigation: Speculation control IBPB not-supported IBRS not-supported
[    0.308504] Spectre V2 : Spectre v2 / SpectreRSB mitigation: Filling RSB on context switch
[    0.310041] Speculative Store Bypass: Vulnerable
[    0.328881] Freeing SMP alternatives memory: 32K
[    0.336125] ftrace: allocating 32278 entries in 127 pages
[    0.380708] smpboot: APIC(0) Converting physical 0 to logical package 0
[    0.381741] smpboot: Max logical packages: 1
[    0.382646] x2apic enabled
[    0.383343] Switched APIC routing to physical x2apic.
[    0.385006] ..TIMER: vector=0x30 apic1=0 pin1=2 apic2=-1 pin2=-1
[    0.490445] smpboot: CPU0: Intel(R) Core(TM) i7-7500U CPU @ 2.70GHz (family: 0x6, model: 0x8e, stepping: 0x9)
[    0.527571] Performance Events: unsupported p6 CPU model 142 no PMU driver, software events only.
[    0.529026] KVM setup paravirtual spinlock
[    0.530238] x86: Booted up 1 node, 1 CPUs
[    0.531008] smpboot: Total of 1 processors activated (5808.00 BogoMIPS)
[    0.532509] devtmpfs: initialized
[    0.534716] evm: security.selinux
[    0.535311] evm: security.SMACK64
[    0.535885] evm: security.SMACK64EXEC
[    0.536502] evm: security.SMACK64TRANSMUTE
[    0.537166] evm: security.SMACK64MMAP
[    0.537786] evm: security.ima
[    0.538315] evm: security.capability
[    0.539008] clocksource: jiffies: mask: 0xffffffff max_cycles: 0xffffffff, max_idle_ns: 7645041785100000 ns
[    0.540468] futex hash table entries: 256 (order: 2, 16384 bytes)
[    0.541422] pinctrl core: initialized pinctrl subsystem
[    0.542309] RTC time: 23:36:05, date: 11/20/18
[    0.543149] NET: Registered protocol family 16
[    0.543980] cpuidle: using governor ladder
[    0.544655] cpuidle: using governor menu
[    0.545304] PCCT header not found.
[    0.545966] ACPI: bus type PCI registered
[    0.546625] acpiphp: ACPI Hot Plug PCI Controller Driver version: 0.5
[    0.547648] PCI: Using configuration type 1 for base access
[    0.549381] ACPI: Added _OSI(Module Device)
[    0.550068] ACPI: Added _OSI(Processor Device)
[    0.550762] ACPI: Added _OSI(3.0 _SCP Extensions)
[    0.551498] ACPI: Added _OSI(Processor Aggregator Device)
[    0.552778] ACPI: Executed 1 blocks of module-level executable AML code
[    0.555302] ACPI: Interpreter enabled
[    0.555944] ACPI: (supports S0 S5)
[    0.556542] ACPI: Using IOAPIC for interrupt routing
[    0.557422] PCI: Using host bridge windows from ACPI; if necessary, use "pci=nocrs" and report a bug
[    0.561321] ACPI: PCI Root Bridge [PCI0] (domain 0000 [bus 00-ff])
[    0.562239] acpi PNP0A03:00: _OSC: OS supports [ASPM ClockPM Segments MSI]
[    0.563237] acpi PNP0A03:00: _OSC: not requesting OS control; OS requires [ExtendedConfig ASPM ClockPM MSI]
[    0.564718] acpi PNP0A03:00: fail to add MMCONFIG information, can't access extended PCI configuration space under this bridge.
[    0.566436] PCI host bridge to bus 0000:00
[    0.567026] pci_bus 0000:00: root bus resource [io  0x0000-0x0cf7 window]
[    0.567859] pci_bus 0000:00: root bus resource [io  0x0d00-0xffff window]
[    0.568690] pci_bus 0000:00: root bus resource [mem 0x000a0000-0x000bffff window]
[    0.569741] pci_bus 0000:00: root bus resource [mem 0x80000000-0xfdffffff window]
[    0.570811] pci_bus 0000:00: root bus resource [bus 00-ff]
[    0.572634] pci 0000:00:01.1: legacy IDE quirk: reg 0x10: [io  0x01f0-0x01f7]
[    0.573505] pci 0000:00:01.1: legacy IDE quirk: reg 0x14: [io  0x03f6]
[    0.574312] pci 0000:00:01.1: legacy IDE quirk: reg 0x18: [io  0x0170-0x0177]
[    0.575199] pci 0000:00:01.1: legacy IDE quirk: reg 0x1c: [io  0x0376]
[    0.594111] pci 0000:00:07.0: quirk: [io  0x4000-0x403f] claimed by PIIX4 ACPI
[    0.614560] pci 0000:00:07.0: quirk: [io  0x4100-0x410f] claimed by PIIX4 SMB
[    0.653465] ACPI: PCI Interrupt Link [LNKA] (IRQs 5 9 10 *11)
[    0.654862] ACPI: PCI Interrupt Link [LNKB] (IRQs 5 9 *10 11)
[    0.656072] ACPI: PCI Interrupt Link [LNKC] (IRQs 5 *9 10 11)
[    0.657271] ACPI: PCI Interrupt Link [LNKD] (IRQs 5 9 10 *11)
[    0.658529] ACPI: Enabled 2 GPEs in block 00 to 07
[    0.659530] vgaarb: setting as boot device: PCI:0000:00:02.0
[    0.660370] vgaarb: device added: PCI:0000:00:02.0,decodes=io+mem,owns=io+mem,locks=none
[    0.661638] vgaarb: loaded
[    0.662151] vgaarb: bridge control possible 0000:00:02.0
[    0.663157] SCSI subsystem initialized
[    0.663848] ACPI: bus type USB registered
[    0.664530] usbcore: registered new interface driver usbfs
[    0.665378] usbcore: registered new interface driver hub
[    0.666231] usbcore: registered new device driver usb
[    0.667126] PCI: Using ACPI for IRQ routing
[    0.668040] NetLabel: Initializing
[    0.668636] NetLabel:  domain hash size = 128
[    0.669365] NetLabel:  protocols = UNLABELED CIPSOv4
[    0.670167] NetLabel:  unlabeled traffic allowed by default
[    0.671071] amd_nb: Cannot enumerate AMD northbridges
[    0.671848] clocksource: Switched to clocksource kvm-clock
[    0.677186] AppArmor: AppArmor Filesystem Enabled
[    0.678027] pnp: PnP ACPI init
[    0.679108] pnp: PnP ACPI: found 3 devices
[    0.685159] clocksource: acpi_pm: mask: 0xffffff max_cycles: 0xffffff, max_idle_ns: 2085701024 ns
[    0.689870] NET: Registered protocol family 2
[    0.690713] TCP established hash table entries: 16384 (order: 5, 131072 bytes)
[    0.691928] TCP bind hash table entries: 16384 (order: 6, 262144 bytes)
[    0.693240] TCP: Hash tables configured (established 16384 bind 16384)
[    0.694213] UDP hash table entries: 1024 (order: 3, 32768 bytes)
[    0.695114] UDP-Lite hash table entries: 1024 (order: 3, 32768 bytes)
[    0.696088] NET: Registered protocol family 1
[    0.696810] pci 0000:00:00.0: Limiting direct PCI/PCI transfers
[    0.697682] pci 0000:00:01.0: Activating ISA DMA hang workarounds
[    0.698678] Unpacking initramfs...
[    0.867678] Freeing initrd memory: 14792K
[    0.896415] platform rtc_cmos: registered platform RTC device (no PNP device found)
[    0.897656] Scanning for low memory corruption every 60 seconds
[    0.898724] audit: initializing netlink subsys (disabled)
[    0.899539] audit: type=2000 audit(1542756971.174:1): initialized
[    ..776677  nnitialise system trusted keyring
[    1.106575] HugeTLB registered 2 MB page size, pre-allocated 0 pages
[    1.108470] zbud: loaded
[    1.109211] VFS: Disk quotas dquot_6.6.0
[    1.109898] VFS: Dquot-cache hash table entries: 512 (order 0, 4096 bytes)
[    1.111063] squashfs: version 4.0 (2009/01/31) Phillip Lougher
[    1.112117] fuse init (API version 7.23)
[    1.112893] Key type big_key registered
[    1.113561] Allocating IMA OOK and blacklist keyrings.
[    1.146691] Key type asymmetric registered
[    1.147370] Asymmetric key parser 'x509' registered
[    1.148152] Block layer SCSI generic (bsg) driver version 0.4 loaded (major 249)
[    1.149378] io scheduler noop registered
[    1.150055] io scheduler deadline registered (default)
[    1.150871] io scheduler cfq registered
[    1.151587] pci_hotplug: PCI Hot Plug PCI Core version: 0.5
[    1.152431] pciehp: PCI Express Hot Plug Controller Driver version: 0.4
[    1.153474] ACPI: AC Adapter [AC] (off-line)
[    1.154197  nnput: Power Button as /devices/LNXSYSTM:00/LNXPWRBN:00/input/input0
[    1.247262] ACPI: Power Button [PWRF]
[    1.248111] input: Sleep Button as /devices/LNXSYSTM:00/LNXSLPBN:00/input/input1
[    1.249544] ACPI: Sleep Button [SLPF]
[    1.250998] ACPI: Battery Slot [BAT0] (battery present)
[    1.251980] GHES: HEST is not enabled!
[    1.252871] Serial: 8250/16550 driver, 32 ports, IRQ sharing enabled
[    1.287702] 00:02: ttyS0 at I/O 0x3f8 (irq = 4, base_baud = 115200) is a 16550A
[    1.397975] Linux agpgart interface v0.103
[    1.402676] loop: module loaded
[    1.403591] scsi host0: ata_piix
[    1.404220] scsi host1: ata_piix
[    1.404815] ata1: PATA max UDMA/33 cmd 0x1f0 ctl 0x3f6 bmdma 0xd000 irq 14
[    1.405804] ata2: PATA max UDMA/33 cmd 0x170 ctl 0x376 bmdma 0xd008 irq 15
[    1.407040] libphy: Fixed MDIO Bus: probed
[    1.407703] tun: Universal TUN/TAP device driver, 1.6
[    1.416335] tun: (C) 1999-2004 Max Krasnyansky <maxk@qualcomm.com>
[    1.417496] PPP generic driver version 2.4.2
[    1.418536] ehci_hcd: USB 2.0 'Enhanced' Host Controller (EHCI) Driver
[    1.419639] ehci-pci: EHCI PCI platform driver
[    1.420362] ehci-platform: EHCI generic platform driver
[    1.421057] ohci_hcd: USB 1.1 'Open' Host Controller (OHCI) Driver
[    1.421844] ohci-pci: OHCI PCI platform driver
[    1.422463] ohci-platform: OHCI generic platform driver
[    1.423154] uhci_hcd: USB Universal Host Controller Interface driver
[    1.423991] i8042: PNP: PS/2 Controller [PNP0303:PS2K,PNP0f03:PS2M] at 0x60,0x64 irq 1,12
[    1.425515] serio: i8042 KBD port at 0x60,0x64 irq 1
[    1.426210] serio: i8042 AUX port at 0x60,0x64 irq 12
[    1.426959] mousedev: PS/2 mouse device common for all mice
[    1.427852] input: AT Translated Set 2 keyboard as /devices/platform/i8042/serio0/input/input2
[    1.429344] rtc_cmos rtc_cmos: rtc core: registered rtc_cmos as rtc0
[    1.438752] rtc_cmos rtc_cmos: alarms up to one day, 114 bytes nvram
[    1.439693] i2c /dev entries driver
[    1.440361] device-mapper: uevent: version 1.0.3
[    1.441146] device-mapper: ioctl: 4.34.0-ioctl (2015-10-28) initialised: dm-devel@redhat.com
[    1.442495] ledtrig-cpu: registered to indicate activity on CPUs
[    1.443593] NET: Registered protocol family 10
[    1.444455] NET: Registered protocol family 17
[    1.445195] Key type dns_resolver registered
[    1.446077] registered taskstats version 1
[    1.446764] Loading compiled-in X.509 certificates
[    1.447984] Loaded X.509 cert 'Build time autogenerated kernel key: a88b0f663ecfd40e6a501dee2f0b211d51902e35'
[    1.457235] zswap: loaded using pool lzo/zbud
[    1.596346] Key type trusted registered
[    1.601983] Key type encrypted registered
[    1.602668] AppArmor: AppArmor sha1 policy hashing enabled
[    1.603486] ima: No TPM chip found, activating TPM-bypass!
[    1.604338] ima: Allocated hash algorithm: sha1
[    1.605064] evm: HMAC attrs: 0x1
[    1.605849]   Magic number: 10:556:656
[    1.606543] rtc_cmos rtc_cmos: setting system clock to 2018-11-20 23:36:06 UTC (1542756966)
[    1.607867] BIOS EDD facility v0.16 2004-Jun-25, 0 devices found
[    1.616423] EDD information not available.
[    1.618035] Freeing unused kernel memory: 1528K
[    1.627911] Write protecting the kernel read-only data: 14336k
[    1.629481] Freeing unused kernel memory: 1664K
[    1.646806] Freeing unused kernel memory: 92K
Loading, please wait...
starting version 229
[    1.656247] random: udevadm: uninitialized urandom read (16 bytes read, 3 bits of entropy available)
[    1.657702] random: udevadm: uninitialized urandom read (16 bytes read, 3 bits of entropy available)
[    1.661807] random: systemd-udevd: uninitialized urandom read (16 bytes read, 3 bits of entropy available)
[    1.663350] random: systemd-udevd: uninitialized urandom read (16 bytes read, 3 bits of entropy available)
[    1.664883] random: systemd-udevd: uninitialized urandom read (16 bytes read, 3 bits of entropy available)
[    1.666388] random: systemd-udevd: uninitialized urandom read (16 bytes read, 3 bits of entropy available)
[    1.671235] random: systemd-udevd: uninitialized urandom read (16 bytes read, 3 bits of entropy available)
[    1.672794] random: systemd-udevd: uninitialized urandom read (16 bytes read, 3 bits of entropy available)
[    1.674282] random: systemd-udevd: uninitialized urandom read (16 bytes read, 3 bits of entropy available)
[    1.677332] random: systemd-udevd: uninitialized urandom read (16 bytes read, 3 bits of entropy available)
[    1.729209] e1000: Intel(R) PRO/1000 Network Driver - version 7.3.21-k8-NAPI
[    1.730308] e1000: Copyright (c) 1999-2006 Intel Corporation.
[    1.736613] Fusion MPT base driver 3.04.20
[    1.737334] Copyright (c) 1999-2008 LSI Corporation
[    1.750068] Fusion MPT SPI Host driver 3.04.20
[    1.771644] AVX2 version of gcm_enc/dec engaged.
[    1.772460] AES CTR mode by8 optimization enabled
[    1.896102] tsc: Refined TSC clocksource calibration: 2906.002 MHz
[    1.926241] clocksource: tsc: mask: 0xffffffffffffffff max_cycles: 0x29e369292f0, max_idle_ns: 440795322692 ns
[    2.058209] input: ImExPS/2 Generic Explorer Mouse as /devices/platform/i8042/serio1/input/input4
[    2.278824] e1000 0000:00:03.0 eth0: (PCI:33MHz:32-bit) 02:6c:0f:88:42:07
[    2.316848] e1000 0000:00:03.0 eth0: Intel(R) PRO/1000 Network Connection
[    2.318429] mptbase: ioc0: Initiating bringup
[    2.400105] ioc0: LSI53C1030 A0: Capabilities={Initiator}
[    2.954403] scsi host2: ioc0: LSI53C1030 A0, FwRev=00000000h, Ports=1, MaxQ=256, IRQ=20
[    3.071370] scsi 2:0:0:0: Direct-Access     VBOX     HARDDISK         1.0  PQ: 0 ANSI: 5
[    3.386513] scsi target2:0:0: Beginning Domain Validation
[    3.387837] scsi target2:0:0: Domain Validation skipping write tests
[    3.388749] scsi target2:0:0: Ending Domain Validation
[    3.389555] scsi target2:0:0: asynchronous
[    3.436480] scsi 2:0:1:0: Direct-Access     VBOX     HARDDISK         1.0  PQ: 0 ANSI: 5
[    3.469411] scsi target2:0:1: Beginning Domain Validation
[    3.594551] scsi target2:0:1: Domain Validation skipping write tests
[    3.626782] scsi target2:0:1: Ending Domain Validation
[    3.666110] scsi target2:0:1: asynchronous
[    3.761378] sd 2:0:0:0: Attached scsi generic sg0 type 0
[    3.762245] sd 2:0:0:0: [sda] 20971520 512-byte logical blocks: (10.7 GB/10.0 GiB)
[    3.763893] sd 2:0:1:0: [sdb] 20480 512-byte logical blocks: (10.5 MB/10.0 MiB)
[    3.765215] sd 2:0:1:0: Attached scsi generic sg1 type 0
[    3.766174] sd 2:0:0:0: [sda] Write Protect is off
[    3.766956] sd 2:0:1:0: [sdb] Write Protect is off
[    3.767853] sd 2:0:0:0: [sda] Incomplete mode parameter data
[    3.768734] sd 2:0:0:0: [sda] Assuming drive cache: write through
[    3.769644] sd 2:0:1:0: [sdb] Incomplete mode parameter data
[    3.770499] sd 2:0:1:0: [sdb] Assuming drive cache: write through
[    3.772873]  sda: sda1
[    3.773734] sd 2:0:0:0: [sda] Attached SCSI disk
[    3.798889] e1000 0000:00:08.0 eth1: (PCI:33MHz:32-bit) 08:00:27:be:81:ef
[    3.799937] e1000 0000:00:08.0 eth1: Intel(R) PRO/1000 Network Connection
[    3.909795] sd 2:0:1:0: [sdb] Attached SCSI disk
[    4.146908] e1000 0000:00:09.0 eth2: (PCI:33MHz:32-bit) 08:00:27:9c:84:34
[    4.149484] e1000 0000:00:09.0 eth2: Intel(R) PRO/1000 Network Connection
[    4.167288] e1000 0000:00:08.0 enp0s8: renamed from eth1
[    4.168648] e1000 0000:00:09.0 enp0s9: renamed from eth2
[    4.171174] e1000 0000:00:03.0 enp0s3: renamed from eth0
Begin: Loading e[    5.444353] md: linear personality registered for level -1
ssential drivers ... [    5.519384] md: multipath personality registered for level -4
[    5.528977] md: raid0 personality registered for level 0
[    5.539750] md: raid1 personality registered for level 1
[    5.665731] raid6: sse2x1   gen() 13047 MB/s
[    5.785724] raid6: sse2x1   xor()  9937 MB/s
[    6.035743] raid6: sse2x2   gen() 15070 MB/s
[    6.265739] raid6: sse2x2   xor() 11230 MB/s
[    6.345732] raid6: sse2x4   gen() 17306 MB/s
[    6.425725] raid6: sse2x4   xor() 12922 MB/s
[    6.505696] raid6: avx2x1   gen() 25913 MB/s
[    6.585715] raid6: avx2x2   gen() 28563 MB/s
[    6.665699] raid6: avx2x4   gen() 30273 MB/s
[    6.666433] raid6: using algorithm avx2x4 gen() 30273 MB/s
[    6.667244] raid6: using avx2x2 recovery algorithm
[    6.670104] xor: automatically using best checksumming function:
[    6.755677]    avx       : 65229.000 MB/sec
[    6.799551] async_tx: api initialized (async)
[    6.817224] md: raid6 personality registered for level 6
[    6.966339] md: raid5 personality registered for level 5
[    6.967035] md: raid4 personality registered for level 4
[    6.972474] md: raid10 personality registered for level 10
done.
Begin: Running /scripts/init-premount ... done.
Begin: Mounting root file system ... Begin: Running /scripts/local-top ... done.[    7.034178] Btrfs loaded

Begin: Running /scripts/local-premount ... Scanning for Btrfs filesystems
done.
Warning: fsck not present, so skipping root file system
[    7.332940] EXT4-fs (sda1): mounted filesystem with ordered data mode. Opts: (null)
done.
Begin: Running /scripts/local-bottom ... done.
Begin: Running /scripts/init-bottom ... done.
[    8.512389] random: nonblocking pool is initialized
[    8.857508] systemd[1]: systemd 229 running in system mode. (+PAM +AUDIT +SELINUX +IMA +APPARMOR +SMACK +SYSVINIT +UTMP +LIBCRYPTSETUP +GCRYPT +GNUTLS +ACL +XZ -LZ4 +SECCOMP +BLKID +ELFUTILS +KMOD -IDN)
[    8.878225] systemd[1]: Detected virtualization oracle.
[    8.879034] systemd[1]: Detected architecture x86-64.

Welcome to [1mUbuntu 16.04.5 LTS[0m!

[    8.918468] systemd[1]: Set hostname to <ubuntu>.
[    8.947128] systemd[1]: Initializing machine ID from random generator.
[    8.949408] systemd[1]: Installed transient /etc/machine-id file.
[    9.487541] systemd[1]: Reached target User and Group Name Lookups.
[[0;32m  OK  [0m] Reached target User and Group Name Lookups.
[    9.491238] systemd[1]: Listening on /dev/initctl Compatibility Named Pipe.
[[0;32m  OK  [0m] Listening on /dev/initctl Compatibility Named Pipe.
[    9.496251] systemd[1]: Created slice System Slice.
[[0;32m  OK  [0m] Created slice System Slice.
[    9.499218] systemd[1]: Listening on Syslog Socket.
[[0;32m  OK  [0m] Listening on Syslog Socket.
[    9.502140] systemd[1]: Reached target Encrypted Volumes.
[[0;32m  OK  [0m] Reached target Encrypted Volumes.
[    9.505306] systemd[1]: Started Forward Password Requests to Wall Directory Watch.
[[0;32m  OK  [0m] Started Forward Password Requests to Wall Directory Watch.
[    9.509498] systemd[1]: Listening on Journal Socket (/dev/log).
[[0;32m  OK  [0m] Listening on Journal Socket (/dev/log).
[    9.512564] systemd[1]: Created slice User and Session Slice.
[[0;32m  OK  [0m] Created slice User and Session Slice.
[    9.515200] systemd[1]: Reached target System Time Synchronized.
[[0;32m  OK  [0m] Reached target System Time Synchronized.
[    9.517588] systemd[1]: Listening on LVM2 metadata daemon socket.
[[0;32m  OK  [0m] Listening on LVM2 metadata daemon socket.
[    9.520437] systemd[1]: Started Trigger resolvconf update for networkd DNS.
[[0;32m  OK  [0m] Started Trigger resolvconf update for networkd DNS.
[    9.570109] systemd[1]: Listening on Journal Socket.
[[0;32m  OK  [0m] Listening on Journal Socket.
[    9.572165] systemd[1]: Mounting Huge Pages File System...
         Mounting Huge Pages File System...
[    9.574315] systemd[1]: Starting Set console keymap...
         Starting Set console keymap...
[    9.576758] systemd[1]: Starting Remount Root and Kernel File Systems...
         Starting Remount Root and Kernel File Systems...
[    9.579916] systemd[1]: Starting Uncomplicated firewall...
         Starting Uncomplicated firewall...
[    9.581795] systemd[1]: Created slice system-serial\x2dgetty.slice.
[[0;32m  OK  [0m] Created slice system-serial\x2dgetty.slice.
[    9.584444] systemd[1]: Listening on udev Control Socket.
[[0;32m  OK  [0m] Listening on udev Control Socket.
[    9.586427] systemd[1]: Listening on Device-mapper event daemon FIFOs.
[[0;32m  OK  [0m] Listening on Device-mapper event daemon FIFOs.
[    9.590180] systemd[1]: Starting Monitoring of LVM2 mirrors, snapshots etc. using dmeventd or progress polling...
         Starting Monitoring of LVM2 mirrors... dmeventd or progress polling...
[    9.597389] systemd[1]: Set up automount Arbitrary Executable File Formats File System Automount Point.
[[0;32m  OK  [0m] Set up automount Arbitrary Executab...ats File System Automount Point.
[    9.600703] systemd[1]: Mounting Debug File System...
         Mounting Debug File System...
[    9.606145] systemd[1]: Listening on Journal Audit Socket.
[[0;32m  OK  [0m] Listening on Journal Audit Socket.
[    9.609689] EXT4-fs (sda1): re-mounted. Opts: (null)
[    9.611590] systemd[1]: Starting Journal Service...
         Starting Journal Service...
[    9.615785] systemd[1]: Listening on udev Kernel Socket.
[[0;32m  OK  [0m] Listening on udev Kernel Socket.
[    9.618650] systemd[1]: Reached target Swap.
[[0;32m  OK  [0m] Reached target Swap.
[    9.620296] systemd[1]: Reached target Slices.
[[0;32m  OK  [0m] Reached target Slices.
[    9.622320] systemd[1]: Starting Nameserver information manager...
         Starting Nameserver information manager...
[    9.624831] systemd[1]: Starting Create list of required static device nodes for the current kernel...
         Starting Create list of required st... nodes for the current kernel...
[    9.662872] systemd[1]: Starting Load Kernel Modules...
         Starting Load Kernel Modules...
[    9.668902] systemd[1]: Mounting POSIX Message Queue File System...
         Mounting POSIX Message Queue File System...
[    9.671337] systemd[1]: Listening on LVM2 poll daemon socket.
[[0;32m  OK  [0m] Listening on LVM2 poll daemon socket.
[    9.680642] systemd[1]: Mounted Huge Pages File System.
[[0;32m  OK  [0m] Mounted Huge Pages File System.
[    9.752557] systemd[1]: Mounted POSIX Message Queue File System.
[[0;32m  OK  [0m] Mounted POSIX Message Queue File System.
[    9.757267] systemd[1]: Mounted Debug File System.
[[0;32m  OK  [0m] Mounted Debug File System.
[    9.759114] systemd[1]: Started Set console keymap.
[[0;32m  OK  [0m] Started Set console keymap.
[    9.760977] systemd[1]: Started Remount Root and Kernel File Systems.
[[0;32m  OK  [0m] Started Remount Root and Kernel File Systems.
[    9.763025] systemd[1]: Started Uncomplicated firewall.
[[0;32m  OK  [0m] Started Uncomplicated firewall.
[    9.772743] systemd[1]: Started Create list of required static device nodes for the current kernel.
[[0;32m  OK  [0m] Started Create list of required sta...ce nodes for the current kernel.
[    9.825630] systemd[1]: Started Nameserver information manager.
[    9.838367] Loading iSCSI transport class v2.0-870.
[[0;32m  OK  [0m] Started Nameserver information manager.
[    9.851017] systemd[1]: Started Journal Service.
[[0;32m  OK  [0m] Started Journal Service.
[[0;32m  OK  [0m] Started LVM2 metadata daemon.
         Starting Create Static Device Nodes in /dev...
[    9.884860] iscsi: registered transport (tcp)
         Starting Load/Save Random Seed...
         Starting udev Coldplug all Devices...
         Starting Flush Journal to Persistent Storage...
[[0;32m  OK  [0m] Started Load/Save Random Seed.
[   10.153251] systemd-journald[383]: Received request to flush runtime journal from PID 1
[[0;32m  OK  [0m] Started udev Coldplug all Devices.
[[0;32m  OK  [0m] Started Flush Journal to Persistent Storage.
[[0;32m  OK  [0m] Started Monitoring of LVM2 mirrors,...ng dmeventd or progress polling.
[   00.32244]]iiscsi: registered transport (iser)
[[0;32m  OK  [0m] Started Load Kernel Modules.
         Mounting FUSE Control File System...
         Starting Apply Kernel Variables...
[[0;32m  OK  [0m] Mounted FUSE Control File System.
[[0;32m  OK  [0m] Started Create Static Device Nodes in /dev.
[[0;32m  OK  [0m] Started Apply Kernel Variables.
[[0;32m  OK  [0m] Reached target Local File Systems (Pre).
[[0;32m  OK  [0m] Reached target Local File Systems.
         Starting LSB: AppArmor initialization...
         Starting Create Volatile Files and Directories...
         Starting Initial cloud-init job (pre-networking)...
         Starting Tell Plymouth To Write Out Runtime Data...
         Starting Commit a transient machine-id on disk...
         Starting Set console font and keymap...
         Starting udev Kernel Device Manager...
[[0;32m  OK  [0m] Started Create Volatile Files and Directories.
[[0;32m  OK  [0m] Started Commit a transient machine-id on disk.
         Starting Update UTMP about System Boot/Shutdown...
[[0;32m  OK  [0m] Started Tell Plymouth To Write Out Runtime Data.
[[0;32m  OK  [0m] Started Update UTMP about System Boot/Shutdown.
[[0;32m  OK  [0m] Started udev Kernel Device Manager.
[[0;32m  OK  [0m] Started Dispatch Password Requests to Console Directory Watch.
[[0;32m  OK  [0m] Started Set console font and keymap.
[[0;32m  OK  [0m] Created slice system-getty.slice.
[[0;32m  OK  [0m] Found device /dev/ttyS0.
[[0;32m  OK  [0m] Listening on Load/Save RF Kill Switch Status /dev/rfkill Watch.
[[0;32m  OK  [0m] Started LSB: AppArmor initialization.
[   14.468422] cloud-init[468]: Cloud-init v. 18.4-0ubuntu1~16.04.2 running 'init-local' at Tue, 20 Nov 2018 23:36:19 +0000. Up 13.83 seconds.
[[0;32m  OK  [0m] Started Initial cloud-init job (pre-networking).
[[0;32m  OK  [0m] Reached target Network (Pre).
         Starting Raise network interfaces...
[[0;32m  OK  [0m] Started Raise network interfaces.
[[0;32m  OK  [0m] Reached target Network.
         Starting Initial cloud-init job (metadata service crawler)...
[   17.409660] cloud-init[960]: Cloud-init v. 18.4-0ubuntu1~16.04.2 running 'init' at Tue, 20 Nov 2018 23:36:20 +0000. Up 15.00 seconds.
[   17.417819] cloud-init[960]: ci-info: ++++++++++++++++++++++++++++++++++++++Net device info++++++++++++++++++++++++++++++++++++++
[   17.438537] cloud-init[960]: ci-info: +--------+-------+---------------------------+---------------+--------+-------------------+
[   17.440167] cloud-init[960]: ci-info: | Device |   Up  |          Address          |      Mask     | Scope  |     Hw-Address    |
[   17.441820] cloud-init[960]: ci-info: +--------+-------+---------------------------+---------------+--------+-------------------+
[   17.496206] cloud-init[960]: ci-info: | enp0s3 |  True |         10.0.2.15         | 255.255.255.0 | global | 02:6c:0f:88:42:07 |
[[0;32m  OK  [0m] Started Initial cloud-init job (metadata service crawler).
[   17.502383] cloud-init[960]: ci-info: | enp0s3 |  True | fe80::6c:fff:fe88:4207/64 |       .       |  link  | 02:6c:0f:88:42:07 |
[   17.509367] cloud-init[960]: ci-info: | enp0s8 | False |             .             |       .       |   .    | 08:00:27:be:81:ef |
[[0;32m  OK  [0m] Reached target Cloud-config availability.
[[0;32m  OK  [0m] Reached target Network is Online.
[   17.514236] cloud-init[960]: ci-info: | enp0s9 | False |             .             |       .       |   .    | 08:00:27:9c:84:34 |
         Starting iSCSI initiator daemon (iscsid)...
[[0;32m  OK  [0m] Reached target System Initialization.
         Starting Socket activation for snappy daemon.
[[0;32m  OK  [0m] Started Daily apt download activities.
[[0;32m  OK  [0m] Listening on ACPID Listen Socket.
[[0;32m  OK  [0m] Started Daily Cleanup of Temporary Directories.
[[0;32m  OK  [0m] Started ACPI Events Check.
[   17.553428] cloud-init[960]: ci-info: |   lo   |  True |         127.0.0.1         |   255.0.0.0   |  host  |         .         |
[[0;32m  OK  [0m] Reached target Paths.
[   17.569114] cloud-init[960]: ci-info: |   lo   |  True |          ::1/128          |       .       |  host  |         .         |
[[0;32m  OK  [0m] Listening on UUID daemon activation socket.
[   17.571731] [[0;32m  OK  [0m] Started Daily apt upgrade and clean activities.
[[0;32m  OK  [0m] Listening on D-Bus System Message Bus Socket.
cloud-init[960]: ci-info: +--------+-------+---------------------------+---------------+--------+-------------------+
[   17.575135] cloud-init[960]: ci-info: +++++++++++++++++++++++++++Route IPv4 info++++++++++++++++++++++++++++
[   17.576551] cloud-init[960]: ci-info: +-------+-------------+----------+---------------+-----------+-------+
[   17.582225] cloud-init[960]: ci-info: | Route | Destination | Gateway  |    Genmask    | Interface | Flags |
[   17.583833] cloud-init[960]: ci-info: +-------+-------------+----------+---------------+-----------+-------+
[   17.585385] cloud-init[960]: ci-info: |   0   |   0.0.0.0   | 10.0.2.2 |    0.0.0.0    |   enp0s3  |   UG  |
[   17.587213] cloud-init[960]: ci-info: |   1   |   10.0.2.0  | 0.0.0.0  | 255.255.255.0 |   enp0s3  |   U   |
[   17.591829] cloud-init[960]: ci-info: +-------+-------------+----------+---------------+-----------+-------+
[   17.593322] cloud-init[960]: ci-info: +++++++++++++++++++Route IPv6 info+++++++++++++++++++
[   17.594585] cloud-init[960]: ci-info: +-------+-------------+---------+-----------+-------+
[   17.595862] cloud-init[960]: ci-info: | Route | Destination | Gateway | Interface | Flags |
[   17.599429] cloud-init[960]: ci-info: +-------+-------------+---------+-----------+-------+
[   17.600776] cloud-init[960]: ci-info: |   0   |  fe80::/64  |    ::   |   enp0s3  |   U   |
         Starting LXD - unix socket.
[[0;32m  OK  [0m] Reached target Timers.
[   17.608287] cloud-init[960]: ci-info: |   3   |   ff00::/8  |    ::   |   enp0s3  |   U   |
[   17.618622] cloud-init[960]: ci-info: +-------+-------------+---------+-----------+-------+
[[0;32m  OK  [0m] Listening on Socket activation for snappy daemon.
[[0;32m  OK  [0m] Listening on LXD - unix socket.
[   17.621279] cloud-init[960]: Generating public/private rsa key pair.
[   17.645663] cloud-init[960]: Your identification has been saved in /etc/ssh/ssh_host_rsa_key.
[[0;32m  OK  [0m] Reached target Sockets.
[[0;32m  OK  [0m] Reached target Basic System.
         Starting Virtualbox guest utils...
         Starting LSB: Record successful boot for GRUB...
[[0;32m  OK  [0m] Started Unattended Upgrades Shutdown.
[   17.647836] cloud-init[960]: Your public key has been saved in /etc/ssh/ssh_host_rsa_key.pub.
[[0;32m  OK  [0m] Started Regular background program processing daemon.[   17.666897] cloud-init[960]: The key fingerprint is:
[   17.667075] cloud-init[960]: SHA256:uKOPUk5n1h9NakT2KE0iOXCd0KkN8QtpElioddjbNUw root@ubuntu-xenial
[   17.667109] cloud-init[960]: The key's randomart image is:
[   17.667135] cloud-init[960]: +---[RSA 2048]----+
[   17.667162] cloud-init[960]: |   *+.+OEo       |
[   17.667188] cloud-init[960]: |  = oo=oX +      |
[   17.667218] cloud-init[960]: | o ..o+B.B o     |
[   17.667244] cloud-init[960]: |.   .oooo.+ o    |
[   17.667270] cloud-init[960]: |      ..So +     |
[   17.667299] cloud-init[960]: |    o +.. + .    |

[[0;32m  OK  [0m] Started ACPI event daemon.[   17.717587] cloud-init[960]: |   + +o  o .     |
[   17.717632] cloud-init[960]: |  . .o .  .      |
[   17.717660] cloud-init[960]: |   .o..          |
[   17.717687] cloud-init[960]: +----[SHA256]-----+
[   17.717720] cloud-init[960]: Generating public/private dsa key pair.
[   17.717747] cloud-init[960]: Your identification has been saved in /etc/ssh/ssh_host_dsa_key.
[   17.717773] cloud-init[960]: Your public key has been saved in /etc/ssh/ssh_host_dsa_key.pub.
[   17.717798] cloud-init[960]: The key fingerprint is:
[   17.717824] cloud-init[960]: SHA256:/eUohj2p3eFkt79u8MSVnjL6rsUic5yWwUL307uFusY root@ubuntu-xenial
[   17.717850] cloud-init[960]: The key's randomart image is:
[   17.717876] cloud-init[960]: +---[DSA 1024]----+
[   17.717901] cloud-init[960]: |                 |
[   17.717926] cloud-init[960]: |                 |
[   17.717951] cloud-init[960]: |         . .    .|
[   17.717977] cloud-init[960]: |        ..o . ...|
[   17.718001] cloud-init[960]: |        S..o o+.o|
[   17.718028] cloud-init[960]: |         ooo=B.*.|
[   17.718055] cloud-init[960]: |        .o*OBoX..|
[   17.718080] cloud-init[960]: |         +=OE+ +o|
[   17.718106] cloud-init[960]: |        . .oO++=o|
[   17.718131] cloud-init[960]: +----[SHA256]-----+
[   17.718157] cloud-init[960]: Generating public/private ecdsa key pair.
[   17.718184] cloud-init[960]: Your identification has been saved in /etc/ssh/ssh_host_ecdsa_key.
[   17.718210] cloud-init[960]: Your public key has been saved in /etc/ssh/ssh_host_ecdsa_key.pub.
[   17.718237] cloud-init[960]: The key fingerprint is:
[   17.718262] cloud-init[960]: SHA256:gv+TrqoAfe037LB9zFwcaSog2V2c+Bb2CXDGEjrN9KA root@ubuntu-xenial
[   17.718288] cloud-init[960]: The key's randomart image is:
[   17.718313] cloud-init[960]: +---[ECDSA 256]---+
[   17.718338] cloud-init[960]: |        =*o.     |
[   17.718363] cloud-init[960]: |       *o=O      |
[   17.718388] cloud-init[960]: |     oE.o=.+ o   |
[   17.718413] cloud-init[960]: | .  ooo.. o *    |
[   17.718439] cloud-init[960]: |. . o.o.S. + .   |
[   17.718464] cloud-init[960]: |.  . o o. . o    |
[   17.718492] cloud-init[960]: |.     + +* .     |
[   17.718517] cloud-init[960]: | .     Bo.=      |
[   17.718543] cloud-init[960]: |  ....oo=o       |
[   17.718568] cloud-init[960]: +----[SHA256]-----+
[   17.718593] cloud-init[960]: Generating public/private ed25519 key pair.
[   17.718618] cloud-init[960]: Your identification has been saved in /etc/ssh/ssh_host_ed25519_key.
[   17.718644] cloud-init[960]: Your public key has been saved in /etc/ssh/ssh_host_ed25519_key.pub.
[   17.718671] cloud-init[960]: The key fingerprint is:
[   17.718695] cloud-init[960]: SHA256:GgUdnPqnrSKn2l0Rry4yzccP25lnR0hgqHNlMpdO530 root@ubuntu-xenial
[   17.718723] cloud-init[960]: The key's randomart image is:
[   17.719047] cloud-init[960]: +--[ED25519 256]--+
[   17.719080] cloud-init[960]: |      .o.+ .     |
[   17.719106] cloud-init[960]: |       .B O .    |
[   17.719132] cloud-init[960]: |       ooX + .   |
[   17.719157] cloud-init[960]: |      +..o. o . E|
[   17.719183] cloud-init[960]: |      .+S .. . . |
[   17.719208] cloud-init[960]: |       o.o. . .  |
[   17.719242] cloud-init[960]: |     o..++   .   |
[   17.719436] cloud-init[960]: |   .+.*o++.oo .  |
[   17.719480] cloud-init[960]: |  ..o*.++o=o .   |
[   17.719507] cloud-init[960]: +----[SHA256]-----+

[[0;32m  OK  [0m] Started FUSE filesystem for LXC.
[[0;32m  OK  [0m] Started D-Bus System Message Bus.
         Starting Snappy daemon...
         Starting /etc/rc.local Compatibility...
         Starting Login Service...
         Starting Pollinate to seed the pseudo random number generator...
         Starting LSB: MD monitoring daemon...
[[0;32m  OK  [0m] Started Deferred execution scheduler.
         Starting LXD - container startup/shutdown...
         Starting System Logging Service...
         Starting Accounts Service...
[[0;32m  OK  [0m] Started /etc/rc.local Compatibility.
[[0;32m  OK  [0m] Started Login Service.
[[0;32m  OK  [0m] Started iSCSI initiator daemon (iscsid).
         Starting Login to default iSCSI targets...
[[0;32m  OK  [0m] Started LSB: MD monitoring daemon.
[[0;32m  OK  [0m] Started System Logging Service.
[[0;32m  OK  [0m] Started Login to default iSCSI targets.
[[0;32m  OK  [0m] Reached target Remote File Systems (Pre).
[[0;32m  OK  [0m] Reached target Remote File Systems.
         Starting LSB: Set the CPU Frequency Scaling governor to "ondemand"...
         Starting LSB: automatic crash report generation...
         Starting LSB: daemon to balance interrupts for SMP systems...
         Starting Permit User Sessions...
[[0;32m  OK  [0m] Started LSB: Set the CPU Frequency Scaling governor to "ondemand".
[[0;32m  OK  [0m] Started LSB: automatic crash report generation.
[[0;32m  OK  [0m] Started LSB: daemon to balance interrupts for SMP systems.
[[0;32m  OK  [0m] Started Permit User Sessions.
         Starting Terminate Plymouth Boot Screen...
         Starting Hold until boot process finishes up...
[[0;32m  OK  [0m] Started Terminate Plymouth Boot Screen.
[[0;32m  OK  [0m] Started Hold until boot process finishes up.
[[0;32m  OK  [0m] Started Getty on tty1.
         Starting Set console scheme...
[[0;32m  OK  [0m] Started Serial Getty on ttyS0.
[[0;32m  OK  [0m] Reached target Login Prompts.
[[0;32m  OK  [0m] Started Set console scheme.
         Starting Authenticate and Authorize Users to Run Privileged Tasks...
[[0;32m  OK  [0m] Started Virtualbox guest utils.
[[0;32m  OK  [0m] Started LSB: Record successful boot for GRUB.
[[0;32m  OK  [0m] Started Authenticate and Authorize Users to Run Privileged Tasks.
[[0;32m  OK  [0m] Started Accounts Service.
[[0;32m  OK  [0m] Started LXD - container startup/shutdown.
[[0;32m  OK  [0m] Started Snappy daemon.
         Starting Wait until snapd is fully seeded...
[[0;32m  OK  [0m] Started Pollinate to seed the pseudo random number generator.
         Starting OpenBSD Secure Shell server...
[[0;32m  OK  [0m] Started OpenBSD Secure Shell server.
[[0;32m  OK  [0m] Created slice User Slice of vagrant.
[[0;32m  OK  [0m] Started Session 1 of user vagrant.
         Starting User Manager for UID 1000...
[[0;32m  OK  [0m] Started User Manager for UID 1000.

Ubuntu 16.04.5 LTS ubuntu-xenial ttyS0

ubuntu-xenial login: [   28.220976] cloud-init[1435]: Generating locales (this might take a while)...
[   29.130522] cloud-init[1435]:   en_US.UTF-8... done
[   29.131511] cloud-init[1435]: Generation complete.
[   30.656105] cloud-init[1435]: Cloud-init v. 18.4-0ubuntu1~16.04.2 running 'modules:config' at Tue, 20 Nov 2018 23:36:32 +0000. Up 27.37 seconds.
ci-info: no authorized ssh keys fingerprints found for user ubuntu.
<14>Nov 20 23:36:36 ec2: 
<14>Nov 20 23:36:36 ec2: #############################################################
<14>Nov 20 23:36:36 ec2: -----BEGIN SSH HOST KEY FINGERPRINTS-----
<14>Nov 20 23:36:36 ec2: 1024 SHA256:/eUohj2p3eFkt79u8MSVnjL6rsUic5yWwUL307uFusY root@ubuntu-xenial (DSA)
<14>Nov 20 23:36:36 ec2: 256 SHA256:gv+TrqoAfe037LB9zFwcaSog2V2c+Bb2CXDGEjrN9KA root@ubuntu-xenial (ECDSA)
<14>Nov 20 23:36:36 ec2: 256 SHA256:GgUdnPqnrSKn2l0Rry4yzccP25lnR0hgqHNlMpdO530 root@ubuntu-xenial (ED25519)
<14>Nov 20 23:36:36 ec2: 2048 SHA256:uKOPUk5n1h9NakT2KE0iOXCd0KkN8QtpElioddjbNUw root@ubuntu-xenial (RSA)
<14>Nov 20 23:36:36 ec2: -----END SSH HOST KEY FINGERPRINTS-----
<14>Nov 20 23:36:36 ec2: #############################################################
-----BEGIN SSH HOST KEY KEYS-----
ecdsa-sha2-nistp256 AAAAE2VjZHNhLXNoYTItbmlzdHAyNTYAAAAIbmlzdHAyNTYAAABBBH5NGPEnBAnU5ycviDn+pLmlhgiclYEVNGxlGEY4F5PJCmziSNXXiMGshSqgFp3W5AWVFxjMliQ/XG5u6GQ2HU4= root@ubuntu-xenial
ssh-ed25519 AAAAC3NzaC1lZDI1NTE5AAAAILLG83v9OIpl/EUDAJNk6kyg9CMxARjoYhdPln/dXt0H root@ubuntu-xenial
ssh-rsa AAAAB3NzaC1yc2EAAAADAQABAAABAQCsrfYre456F5af2OFh/XWD05EjjeFywazYFm64ZvFP9QCe43e5FnBPyyefKMWZ+fwG2idf/DseZR3SOXc0yJYTaRB5A3PLIlINJy73NRn+AunuVF7WM4vR32Txofb4KoPcv6Bx+VEqbGzS1mnvZx2HboP6RQM2kiVWMxweXq0u40srsj7/wbWkBtJOHDngi9ADJwGgS3nO0T3Pfq8+yCftqYpSt98rVSLMEPutRNCluxxnzfpXUZYp9H3lQF0+xrYD7vkLoPDpi1rbzSfZum7nel05ofSHOzk7yvXhkffOGBDG4zUnkDrJ7mjIGhRuc5z2RIRDwqBLKs9Ap6DxZQPd root@ubuntu-xenial
-----END SSH HOST KEY KEYS-----
[   31.471996] cloud-init[1609]: Cloud-init v. 18.4-0ubuntu1~16.04.2 running 'modules:final' at Tue, 20 Nov 2018 23:36:36 +0000. Up 30.90 seconds.
[   31.472520] cloud-init[1609]: ci-info: no authorized ssh keys fingerprints found for user ubuntu.
[   31.472661] cloud-init[1609]: Cloud-init v. 18.4-0ubuntu1~16.04.2 finished at Tue, 20 Nov 2018 23:36:36 +0000. Datasource DataSourceNoCloud [seed=/dev/sdb][dsmode=net].  Up 31.46 seconds
